npm warn Unknown env config "devdir". This will stop working in the next major version of npm.

> villaportfolio@0.1.0 build
> next build

  ▲ Next.js 14.2.20

   Creating an optimized production build ...
Browserslist: caniuse-lite is outdated. Please run:
  npx update-browserslist-db@latest
  Why you should do it regularly: https://github.com/browserslist/update-db#readme
 ✓ Compiled successfully
   Linting and checking validity of types ...
   Collecting page data ...
 ⚠ Sending SIGTERM signal to static worker due to timeout of 60 seconds. Subsequent errors may be a result of the worker exiting.
 ⨯ Static worker exited with code: null and signal: SIGTERM
 ⚠ Restarted collecting page data for /work/[slug] because it took more than 60 seconds
 ⚠ See more info here https://nextjs.org/docs/messages/static-page-generation-timeout
 ⚠ Restarted collecting page data for /about because it took more than 60 seconds
PageNotFoundError: Cannot find module for page: /work/[slug]/page
    at getPagePath (/Users/joshuaalejandrovillalobosestrada/Documents/porfolio/alejandro-villalobos-portfolio/node_modules/next/dist/server/require.js:94:15)
    at requirePage (/Users/joshuaalejandrovillalobosestrada/Documents/porfolio/alejandro-villalobos-portfolio/node_modules/next/dist/server/require.js:99:22)
    at /Users/joshuaalejandrovillalobosestrada/Documents/porfolio/alejandro-villalobos-portfolio/node_modules/next/dist/server/load-components.js:98:84
    at async loadComponentsImpl (/Users/joshuaalejandrovillalobosestrada/Documents/porfolio/alejandro-villalobos-portfolio/node_modules/next/dist/server/load-components.js:98:26)
    at async /Users/joshuaalejandrovillalobosestrada/Documents/porfolio/alejandro-villalobos-portfolio/node_modules/next/dist/build/utils.js:1116:32
    at async Span.traceAsyncFn (/Users/joshuaalejandrovillalobosestrada/Documents/porfolio/alejandro-villalobos-portfolio/node_modules/next/dist/trace/trace.js:154:20) {
  code: 'ENOENT'
}

> Build error occurred
Error: Failed to collect page data for /work/[slug]
    at /Users/joshuaalejandrovillalobosestrada/Documents/porfolio/alejandro-villalobos-portfolio/node_modules/next/dist/build/utils.js:1268:15 {
  type: 'Error'
}
